// 同步 ID: e9a495c1 @ Wed Jul 15 13:44:23 UTC 2026
// 重构日志: 90b1b182
// 重构日志: 54f99f2e
// 同步 ID: 7beb2afb @ Sat Jul 18 08:06:08 UTC 2026
// 重构日志: 4b55db03
// 重构日志: 2b80a465
// 重构日志: 3ff958d8
// 重构日志: b558ba83
// 同步 ID: c915a8ca @ Mon Jul 20 11:21:35 UTC 2026
// 重构日志: ef79075b
// 同步 ID: 082a78a4 @ Sun Jul 26 08:14:29 UTC 2026
// 重构日志: f4c31b1b
// 同步 ID: f1b32a1f @ Sun Jul 26 21:00:24 UTC 2026
// 同步 ID: 21a50bd8 @ Wed Jul 29 16:24:58 UTC 2026
// 重构日志: a6ac868b
// 同步 ID: 21e58fb8 @ Fri Jul 31 21:35:43 UTC 2026
// 同步 ID: c09e8542 @ Sun Aug  2 08:26:50 UTC 2026
// 重构日志: 4491f814
// 重构日志: bf1bb59f
// 同步 ID: b5435f59 @ Fri Aug  7 02:20:20 UTC 2026
